// Jest Snapshot v1, https://goo.gl/fbAQLP

exports[`api-with-examples 1`] = `undefined`;

exports[`callback-example 1`] = `undefined`;

exports[`link-example 1`] = `undefined`;

exports[`petstore 1`] = `undefined`;

exports[`petstore expanded 1`] = `undefined`;

exports[`upsto 1`] = `undefined`;
